<?xml version="1.0" encoding="UTF-8"?>
<testsuites name="jest tests" tests="6" failures="0" time="6.072">
  <testsuite name="src\components\navbar\CollapseMenu.test.js" errors="0" failures="0" skipped="0" timestamp="2020-07-07T19:24:06" time="3.193" tests="1">
    <testcase classname=" Collapse Menu snapshot" name=" Collapse Menu snapshot" time="0.018">
    </testcase>
  </testsuite>
  <testsuite name="src\components\navbar\IntroBrand.test.js" errors="0" failures="0" skipped="0" timestamp="2020-07-07T19:24:06" time="3.305" tests="1">
    <testcase classname=" Intro Brand snapshot" name=" Intro Brand snapshot" time="0.042">
    </testcase>
  </testsuite>
  <testsuite name="src\components\navbar\Navbar.test.js" errors="0" failures="0" skipped="0" timestamp="2020-07-07T19:24:06" time="3.436" tests="1">
    <testcase classname=" Navbar snapshot" name=" Navbar snapshot" time="0.106">
    </testcase>
  </testsuite>
  <testsuite name="src\components\navbar\ToiletPaper.test.js" errors="0" failures="0" skipped="0" timestamp="2020-07-07T19:24:10" time="0.403" tests="1">
    <testcase classname=" Toilet Paper snapshot" name=" Toilet Paper snapshot" time="0.032">
    </testcase>
  </testsuite>
  <testsuite name="src\components\navbar\Brand.test.js" errors="0" failures="0" skipped="0" timestamp="2020-07-07T19:24:10" time="0.388" tests="1">
    <testcase classname=" Brand snapshot" name=" Brand snapshot" time="0.005">
    </testcase>
  </testsuite>
  <testsuite name="src\components\navbar\BurgerMenu.test.js" errors="0" failures="0" skipped="0" timestamp="2020-07-07T19:24:10" time="0.358" tests="1">
    <testcase classname=" Burger Menu snapshot" name=" Burger Menu snapshot" time="0.014">
    </testcase>
  </testsuite>
</testsuites>